../Core/Src/main.c:169:6:HAL_UART_RxCpltCallback	16	static
../Core/Src/main.c:195:5:main	80	static
../Core/Src/main.c:321:6:SystemClock_Config	88	static
../Core/Src/main.c:378:6:PeriphCommonClock_Config	144	static
../Core/Src/main.c:406:13:MX_ADC3_Init	24	static
../Core/Src/main.c:458:13:MX_CRC_Init	8	static
../Core/Src/main.c:489:13:MX_DCMI_Init	8	static
../Core/Src/main.c:526:13:MX_DMA2D_Init	8	static
../Core/Src/main.c:563:13:MX_I2C1_Init	8	static
../Core/Src/main.c:611:13:MX_I2C3_Init	8	static
../Core/Src/main.c:659:13:MX_LTDC_Init	64	static
../Core/Src/main.c:721:13:MX_QUADSPI_Init	8	static
../Core/Src/main.c:756:13:MX_RTC_Init	72	static
../Core/Src/main.c:852:13:MX_SAI2_Init	8	static
../Core/Src/main.c:927:13:MX_SDMMC1_SD_Init	4	static
../Core/Src/main.c:955:13:MX_SPDIFRX_Init	8	static
../Core/Src/main.c:991:13:MX_SPI2_Init	8	static
../Core/Src/main.c:1031:13:MX_TIM1_Init	112	static
../Core/Src/main.c:1111:13:MX_TIM2_Init	64	static
../Core/Src/main.c:1170:13:MX_TIM3_Init	64	static
../Core/Src/main.c:1229:13:MX_TIM5_Init	64	static
../Core/Src/main.c:1288:13:MX_TIM8_Init	40	static
../Core/Src/main.c:1335:13:MX_TIM12_Init	40	static
../Core/Src/main.c:1377:13:MX_USART1_UART_Init	8	static
../Core/Src/main.c:1412:13:MX_USART6_UART_Init	8	static
../Core/Src/main.c:1443:13:MX_FMC_Init	40	static
../Core/Src/main.c:1494:13:MX_GPIO_Init	72	static
../Core/Src/main.c:1664:6:StartDefaultTask	248	static
../Core/Src/main.c:1748:6:StartTask02	16	static
../Core/Src/main.c:1760:13:lwip_strer	16	static
../Core/Src/main.c:1800:6:StartTask03	208	static
../Core/Src/main.c:1875:6:HAL_TIM_PeriodElapsedCallback	16	static
../Core/Src/main.c:1892:6:Error_Handler	4	static,ignoring_inline_asm
